src/components/sections/FeaturesGrid.tsx(60,11): error TS1003: Identifier expected.
src/components/sections/FeaturesGrid.tsx(63,3): error TS1381: Unexpected token. Did you mean `{'}'}` or `&rbrace;`?
src/components/sections/FeaturesGrid.tsx(65,9): error TS1005: '}' expected.
src/components/sections/FeaturesGrid.tsx(68,3): error TS1381: Unexpected token. Did you mean `{'}'}` or `&rbrace;`?
src/components/sections/FeaturesGrid.tsx(70,9): error TS1005: '}' expected.
src/components/sections/FeaturesGrid.tsx(73,3): error TS1381: Unexpected token. Did you mean `{'}'}` or `&rbrace;`?
src/components/sections/FeaturesGrid.tsx(75,9): error TS1005: '}' expected.
src/components/sections/FeaturesGrid.tsx(78,3): error TS1381: Unexpected token. Did you mean `{'}'}` or `&rbrace;`?
src/components/sections/FeaturesGrid.tsx(80,9): error TS1005: '}' expected.
src/components/sections/FeaturesGrid.tsx(83,3): error TS1381: Unexpected token. Did you mean `{'}'}` or `&rbrace;`?
src/components/sections/FeaturesGrid.tsx(85,9): error TS1005: '}' expected.
src/components/sections/FeaturesGrid.tsx(88,3): error TS1381: Unexpected token. Did you mean `{'}'}` or `&rbrace;`?
src/components/sections/FeaturesGrid.tsx(92,9): error TS1005: '}' expected.
src/components/sections/FeaturesGrid.tsx(92,20): error TS1005: '}' expected.
src/components/sections/FeaturesGrid.tsx(92,24): error TS1381: Unexpected token. Did you mean `{'}'}` or `&rbrace;`?
src/components/sections/FeaturesGrid.tsx(94,12): error TS1005: '}' expected.
src/components/sections/FeaturesGrid.tsx(96,22): error TS1005: '}' expected.
src/components/sections/FeaturesGrid.tsx(97,5): error TS1381: Unexpected token. Did you mean `{'}'}` or `&rbrace;`?
src/components/sections/FeaturesGrid.tsx(98,3): error TS1381: Unexpected token. Did you mean `{'}'}` or `&rbrace;`?
src/components/sections/FeaturesGrid.tsx(99,1): error TS1381: Unexpected token. Did you mean `{'}'}` or `&rbrace;`?
src/components/sections/FeaturesGrid.tsx(102,9): error TS1005: '}' expected.
src/components/sections/FeaturesGrid.tsx(102,20): error TS1005: '}' expected.
src/components/sections/FeaturesGrid.tsx(102,31): error TS1381: Unexpected token. Did you mean `{'}'}` or `&rbrace;`?
src/components/sections/FeaturesGrid.tsx(104,12): error TS1005: '}' expected.
src/components/sections/FeaturesGrid.tsx(106,27): error TS1005: '}' expected.
src/components/sections/FeaturesGrid.tsx(106,59): error TS1381: Unexpected token. Did you mean `{'}'}` or `&rbrace;`?
src/components/sections/FeaturesGrid.tsx(107,3): error TS1381: Unexpected token. Did you mean `{'}'}` or `&rbrace;`?
src/components/sections/FeaturesGrid.tsx(108,1): error TS1381: Unexpected token. Did you mean `{'}'}` or `&rbrace;`?
src/components/sections/FeaturesGrid.tsx(111,3): error TS1109: Expression expected.
src/components/sections/FeaturesGrid.tsx(112,6): error TS17008: JSX element 'section' has no corresponding closing tag.
src/components/sections/FeaturesGrid.tsx(145,24): error TS1003: Identifier expected.
src/components/sections/FeaturesGrid.tsx(147,32): error TS1005: '}' expected.
src/components/sections/FeaturesGrid.tsx(149,15): error TS1381: Unexpected token. Did you mean `{'}'}` or `&rbrace;`?
src/components/sections/FeaturesGrid.tsx(150,13): error TS1381: Unexpected token. Did you mean `{'}'}` or `&rbrace;`?
src/components/sections/FeaturesGrid.tsx(151,11): error TS1381: Unexpected token. Did you mean `{'}'}` or `&rbrace;`?
src/components/sections/FeaturesGrid.tsx(151,12): error TS1381: Unexpected token. Did you mean `{'}'}` or `&rbrace;`?
src/components/sections/FeaturesGrid.tsx(152,9): error TS1382: Unexpected token. Did you mean `{'>'}` or `&gt;`?
src/components/sections/FeaturesGrid.tsx(156,11): error TS17002: Expected corresponding JSX closing tag for 'div'.
